---
source: tests/snapshots_names.rs
description: The Lord of the Lanterns - The Fellowship of the Wick (2001) Extended (2160p UHD BluRay x265 DV HDR DDP 7.1 English - Weaslee HONK).mkv
expression: ep
---
Episode {
    file_name: "The Lord of the Lanterns - The Fellowship of the Wick (2001) Extended (2160p UHD BluRay x265 DV HDR DDP 7.1 English - Weaslee HONK).mkv",
    title: Some(
        "The Lord of the Lanterns",
    ),
    season: None,
    episodes: [],
    kind: Movie,
    version: None,
    part: None,
    release_group: None,
}
