---
source: tests/snapshots_names.rs
description: "Willow Lane - S01E07 - I’ve Been Making Plans, but Each Plan Has Helped Me HDTV-720p Proper.mkv"
expression: ep
---
Episode {
    file_name: "Willow Lane - S01E07 - I’ve Been Making Plans, but Each Plan Has Helped Me HDTV-720p Proper.mkv",
    title: Some(
        "Willow Lane",
    ),
    season: Some(
        1,
    ),
    episodes: [
        7,
    ],
    kind: Regular,
    version: None,
    part: None,
    release_group: None,
}
