---
source: tests/snapshots_names.rs
description: Harbor Lights 2 (2014).mkv
expression: ep
---
Episode {
    file_name: "Harbor Lights 2 (2014).mkv",
    title: Some(
        "Harbor Lights 2",
    ),
    season: None,
    episodes: [],
    kind: Movie,
    version: None,
    part: None,
    release_group: None,
}
