---
source: tests/snapshots_names.rs
description: Stormbreakers- (2025).mkv
expression: ep
---
Episode {
    file_name: "Stormbreakers- (2025).mkv",
    title: Some(
        "Stormbreakers",
    ),
    season: None,
    episodes: [],
    kind: Movie,
    version: None,
    part: None,
    release_group: None,
}
