---
source: tests/snapshots_names.rs
description: "[Grp]_Paper_Lantern_Club_Encore_-_S01v2_(1920x1080_H264_10bit)_[3C4D5E6F].mkv"
expression: ep
---
Episode {
    file_name: "[Grp]_Paper_Lantern_Club_Encore_-_S01v2_(1920x1080_H264_10bit)_[3C4D5E6F].mkv",
    title: Some(
        "Paper Lantern Club Encore",
    ),
    season: None,
    episodes: [
        1,
    ],
    kind: Special,
    version: Some(
        2,
    ),
    part: None,
    release_group: Some(
        "Grp",
    ),
}
